<html>
<body>
<pre>
<h1>µVision Build Log</h1>
<h2>Tool Versions:</h2>
IDE-Version: ¦ÌVision V5.35.0.0
Copyright (C) 2021 ARM Ltd and ARM Germany GmbH. All rights reserved.
License Information: AGeek AGeek, AGeek, LIC=21E4T-R9PCU-Z9RG9-492CS-1CVLE-5CJHS
 
Tool Versions:
Toolchain:       MDK-ARM Plus  Version: 5.35.0.2
Toolchain Path:  D:\software\Keil\Keil_v5\ARM\ARMCC\Bin
C Compiler:      Armcc.exe V5.06 update 7 (build 960)
Assembler:       Armasm.exe V5.06 update 7 (build 960)
Linker/Locator:  ArmLink.exe V5.06 update 7 (build 960)
Library Manager: ArmAr.exe V5.06 update 7 (build 960)
Hex Converter:   FromElf.exe V5.06 update 7 (build 960)
CPU DLL:         SARMCM3.DLL V5.35.0.2
Dialog DLL:      DARMSTM.DLL V1.68.0.0
Target DLL:      UL2CM3.DLL V1.164.0.0
Dialog DLL:      TARMSTM.DLL V1.66.0.0
 
<h2>Project:</h2>
D:\Project\mcu_libs\examples\Keil_STM32F103\CORTEX_STM32F103_Keil\Simulation.uvprojx
Project File Date:  10/12/2024

<h2>Output:</h2>
*** Using Compiler 'V5.06 update 7 (build 960)', folder: 'D:\software\Keil\Keil_v5\ARM\ARMCC\Bin'
Build target 'Simulation'
compiling mcu_events.c...
..\..\..\src\utilities\mcu_events.c(11): warning:  #546-D: transfer of control bypasses initialization of:
            variable "a"  (declared at line 15)
    MCU_EVENT_START
    ^
..\..\..\src\utilities\mcu_events.c: 1 warning, 0 errors
linking...
Program Size: Code=17888 RO-data=1096 RW-data=20 ZI-data=8732  
After Build - User command #1: D:\Project\mcu_libs\examples\Keil_STM32F103\CORTEX_STM32F103_Keil\keil5_disp_size_bar.exe
ram:
  RW_IRAM1 :0x20000000
   20.00 KB :|¡ö¡ö¡ö¡ö¡ö¡ö¡ö¡ö____________|   42.73 % (    8.55 KB /    20.00 KB) [11728 B]
flash:
  ER_IROM1 :0x8000000
  128.00 KB :|¡ö¡ö__________________|   14.48 % (   18.54 KB /   128.00 KB) [112088 B]
".\OBJ\simulation.axf" - 0 Error(s), 1 Warning(s).

<h2>Software Packages used:</h2>

Package Vendor: Keil
                http://www.keil.com/pack/Keil.STM32F1xx_DFP.2.3.0.pack
                Keil.STM32F1xx_DFP.2.3.0
                STMicroelectronics STM32F1 Series Device Support, Drivers and Examples

<h2>Collection of Component include folders:</h2>
  D:\software\Keil\Arm\Packs\Keil\STM32F1xx_DFP\2.3.0\Device\Include

<h2>Collection of Component Files used:</h2>
Build Time Elapsed:  00:00:01
</pre>
</body>
</html>
